[2026-07-21 11:03:59.575 +00:00] [INF] [4] Emby.Server.Implementations.AppBase.BaseConfigurationManager: Setting cache path: "/cache"
[2026-07-21 11:03:59.687 +00:00] [INF] [10] Jellyfin.Server.ServerSetupApp.SetupServer: Kestrel is listening on "0.0.0.0"
[2026-07-21 11:03:59.704 +00:00] [INF] [10] Main: Jellyfin version: "10.11.11"
[2026-07-21 11:03:59.705 +00:00] [INF] [10] Main: Environment Variables: ["[JELLYFIN_WEB_DIR, /jellyfin/jellyfin-web]", "[JELLYFIN_LOG_DIR, /config/log]", "[JELLYFIN_CACHE_DIR, /cache]", "[JELLYFIN_FFMPEG, /usr/lib/jellyfin-ffmpeg/ffmpeg]", "[JELLYFIN_CONFIG_DIR, /config/config]", "[JELLYFIN_DATA_DIR, /config]"]
[2026-07-21 11:03:59.706 +00:00] [INF] [10] Main: Arguments: ["/jellyfin/jellyfin.dll"]
[2026-07-21 11:03:59.707 +00:00] [INF] [10] Main: Operating system: "Debian GNU/Linux 13 (trixie)"
[2026-07-21 11:03:59.707 +00:00] [INF] [10] Main: Architecture: X64
[2026-07-21 11:03:59.707 +00:00] [INF] [10] Main: 64-Bit Process: True
[2026-07-21 11:03:59.707 +00:00] [INF] [10] Main: User Interactive: True
[2026-07-21 11:03:59.707 +00:00] [INF] [10] Main: Processor count: 12
[2026-07-21 11:03:59.707 +00:00] [INF] [10] Main: Program data path: "/config"
[2026-07-21 11:03:59.707 +00:00] [INF] [10] Main: Log directory path: "/config/log"
[2026-07-21 11:03:59.707 +00:00] [INF] [10] Main: Config directory path: "/config/config"
[2026-07-21 11:03:59.707 +00:00] [INF] [10] Main: Cache path: "/cache"
[2026-07-21 11:03:59.707 +00:00] [INF] [10] Main: Temp directory path: "/tmp/jellyfin"
[2026-07-21 11:03:59.707 +00:00] [INF] [10] Main: Web resources path: "/jellyfin/jellyfin-web"
[2026-07-21 11:03:59.707 +00:00] [INF] [10] Main: Application directory: "/jellyfin/"
[2026-07-21 11:03:59.715 +00:00] [INF] [10] Jellyfin.Server.Startup: Storage path `"/config/data"` (Fixed) successfully checked with "293.9GiB" free which is over the minimum of "2GiB".
[2026-07-21 11:03:59.715 +00:00] [INF] [10] Jellyfin.Server.Startup: Storage path `"/cache"` (Fixed) successfully checked with "293.9GiB" free which is over the minimum of "2GiB".
[2026-07-21 11:03:59.715 +00:00] [INF] [10] Jellyfin.Server.Startup: Storage path `"/config"` (Fixed) successfully checked with "293.9GiB" free which is over the minimum of "2GiB".
[2026-07-21 11:03:59.739 +00:00] [INF] [10] Emby.Server.Implementations.AppBase.BaseConfigurationManager: Setting cache path: "/cache"
[2026-07-21 11:03:59.781 +00:00] [INF] [10] Jellyfin.Database.Providers.Sqlite.SqliteDatabaseProvider: SQLite connection string: "Data Source=/config/data/jellyfin.db;Cache=Default;Default Timeout=30;Pooling=True"
[2026-07-21 11:03:59.784 +00:00] [INF] [10] Jellyfin.Database.Providers.Sqlite.SqliteDatabaseProvider: SQLITE connection pragma command set to: 
"PRAGMA locking_mode=NORMAL;
PRAGMA journal_size_limit=134217728;
PRAGMA synchronous=1;
PRAGMA temp_store=2;
"
[2026-07-21 11:03:59.785 +00:00] [INF] [10] Jellyfin.Database.Implementations.Locking.NoLockBehavior: The database locking mode has been set to: NoLock.
[2026-07-21 11:03:59.804 +00:00] [INF] [10] Jellyfin.Server.Migrations.JellyfinMigrationService: Initialise Migration service.
[2026-07-21 11:03:59.805 +00:00] [INF] [10] Jellyfin.Server.Migrations.JellyfinMigrationService: System initialisation detected. Seed data.
[2026-07-21 11:04:00.480 +00:00] [INF] [10] Jellyfin.Server.Migrations.JellyfinMigrationService: Seed migration null-"UpdateNormalizedUsername".
[2026-07-21 11:04:00.482 +00:00] [INF] [10] Jellyfin.Server.Migrations.JellyfinMigrationService: Seed migration null-"CleanMusicArtist".
[2026-07-21 11:04:00.483 +00:00] [INF] [10] Jellyfin.Server.Migrations.JellyfinMigrationService: Seed migration ef103419-8451-40d8-9f34-d1a8e93a1679-"CreateUserLoggingConfigFile".
[2026-07-21 11:04:00.485 +00:00] [INF] [10] Jellyfin.Server.Migrations.JellyfinMigrationService: Seed migration 4124c2cd-e939-4ffb-9be9-9b311c413638-"DisableTranscodingThrottling".
[2026-07-21 11:04:00.485 +00:00] [INF] [10] Jellyfin.Server.Migrations.JellyfinMigrationService: Seed migration cf6fabc2-9fbe-4933-84a5-ffe52ef22a58-"FixAudioData".
[2026-07-21 11:04:00.485 +00:00] [INF] [10] Jellyfin.Server.Migrations.JellyfinMigrationService: Seed migration null-"FixDates".
[2026-07-21 11:04:00.485 +00:00] [INF] [10] Jellyfin.Server.Migrations.JellyfinMigrationService: Seed migration null-"FixLibrarySubtitleDownloadLanguages".
[2026-07-21 11:04:00.485 +00:00] [INF] [10] Jellyfin.Server.Migrations.JellyfinMigrationService: Seed migration 615dfa9e-2497-4dbb-a472-61938b752c5b-"FixPlaylistOwner".
[2026-07-21 11:04:00.486 +00:00] [INF] [10] Jellyfin.Server.Migrations.JellyfinMigrationService: Seed migration 3793eb59-bc8c-456c-8b9f-bd5a62a42978-"MigrateActivityLogDb".
[2026-07-21 11:04:00.486 +00:00] [INF] [10] Jellyfin.Server.Migrations.JellyfinMigrationService: Seed migration 5bd72f41-e6f3-4f60-90aa-09869abe0e22-"MigrateAuthenticationDb".
[2026-07-21 11:04:00.486 +00:00] [INF] [10] Jellyfin.Server.Migrations.JellyfinMigrationService: Seed migration 06387815-c3cc-421f-a888-fb5f9992bea8-"MigrateDisplayPreferencesDb".
[2026-07-21 11:04:00.486 +00:00] [INF] [10] Jellyfin.Server.Migrations.JellyfinMigrationService: Seed migration null-"MigrateKeyframeData".
[2026-07-21 11:04:00.486 +00:00] [INF] [10] Jellyfin.Server.Migrations.JellyfinMigrationService: Seed migration null-"MigrateLibraryDb".
[2026-07-21 11:04:00.486 +00:00] [INF] [10] Jellyfin.Server.Migrations.JellyfinMigrationService: Seed migration null-"MigrateLibraryDbCompatibilityCheck".
[2026-07-21 11:04:00.486 +00:00] [INF] [10] Jellyfin.Server.Migrations.JellyfinMigrationService: Seed migration null-"MigrateLibraryUserData".
[2026-07-21 11:04:00.486 +00:00] [INF] [10] Jellyfin.Server.Migrations.JellyfinMigrationService: Seed migration null-"MigrateRatingLevels".
[2026-07-21 11:04:00.486 +00:00] [INF] [10] Jellyfin.Server.Migrations.JellyfinMigrationService: Seed migration 5c4b82a2-f053-4009-bd05-b6fcad82f14c-"MigrateUserDb".
[2026-07-21 11:04:00.486 +00:00] [INF] [10] Jellyfin.Server.Migrations.JellyfinMigrationService: Seed migration null-"MoveExtractedFiles".
[2026-07-21 11:04:00.487 +00:00] [INF] [10] Jellyfin.Server.Migrations.JellyfinMigrationService: Seed migration null-"RefreshInternalDateModified".
[2026-07-21 11:04:00.487 +00:00] [INF] [10] Jellyfin.Server.Migrations.JellyfinMigrationService: Seed migration a81f75e0-8f43-416f-a5e8-516ccab4d8cc-"RemoveDownloadImagesInAdvance".
[2026-07-21 11:04:00.487 +00:00] [INF] [10] Jellyfin.Server.Migrations.JellyfinMigrationService: Seed migration acbe17b7-8435-4a83-8b64-6fcf162cb9bd-"RemoveDuplicateExtras".
[2026-07-21 11:04:00.487 +00:00] [INF] [10] Jellyfin.Server.Migrations.JellyfinMigrationService: Seed migration 96c156a2-7a13-4b3b-a8b8-fb80c94d20c0-"RemoveDuplicatePlaylistChildren".
[2026-07-21 11:04:00.487 +00:00] [INF] [10] Jellyfin.Server.Migrations.JellyfinMigrationService: Seed migration null-"ReseedFolderFlag".
[2026-07-21 11:04:00.487 +00:00] [INF] [10] Jellyfin.Server.Migrations.JellyfinMigrationService: Seed migration 9b354818-94d5-4b68-ac49-e35cb85f9d84-"CreateNetworkConfiguration".
[2026-07-21 11:04:00.487 +00:00] [INF] [10] Jellyfin.Server.Migrations.JellyfinMigrationService: Seed migration a8e61960-7726-4450-8f3d-82c12daabbcb-"MigrateEncodingOptions".
[2026-07-21 11:04:00.487 +00:00] [INF] [10] Jellyfin.Server.Migrations.JellyfinMigrationService: Seed migration a6dcacf4-c057-4ef9-80d3-61cef9ddb4f0-"MigrateMusicBrainzTimeout".
[2026-07-21 11:04:00.487 +00:00] [INF] [10] Jellyfin.Server.Migrations.JellyfinMigrationService: Seed migration 4fb5c950-1991-11ee-9b4b-0800200c9a66-"MigrateNetworkConfiguration".
[2026-07-21 11:04:00.487 +00:00] [INF] [10] Jellyfin.Server.Migrations.JellyfinMigrationService: Seed migration e73b777d-cd5c-4e71-957a-b86b3660b7cf-"RenameEnableGroupingIntoCollections".
[2026-07-21 11:04:00.491 +00:00] [INF] [10] Jellyfin.Server.Migrations.JellyfinMigrationService: Migration system initialisation completed.
[2026-07-21 11:04:00.496 +00:00] [INF] [10] Jellyfin.Server.Migrations.JellyfinMigrationService: There are 0 migrations for stage PreInitialisation.
[2026-07-21 11:04:00.500 +00:00] [INF] [10] Emby.Server.Implementations.AppBase.BaseConfigurationManager: Setting cache path: "/cache"
[2026-07-21 11:04:00.505 +00:00] [INF] [10] Emby.Server.Implementations.ApplicationHost: Loading assemblies
[2026-07-21 11:04:00.530 +00:00] [INF] [10] Jellyfin.Networking.Manager.NetworkManager: Defined LAN subnets: ["127.0.0.1/8", "10.0.0.0/8", "172.16.0.0/12", "192.168.0.0/16"]
[2026-07-21 11:04:00.530 +00:00] [INF] [10] Jellyfin.Networking.Manager.NetworkManager: Defined LAN exclusions: []
[2026-07-21 11:04:00.530 +00:00] [INF] [10] Jellyfin.Networking.Manager.NetworkManager: Used LAN subnets: ["127.0.0.1/8", "10.0.0.0/8", "172.16.0.0/12", "192.168.0.0/16"]
[2026-07-21 11:04:00.532 +00:00] [INF] [10] Jellyfin.Networking.Manager.NetworkManager: Filtered interface addresses: ["127.0.0.1", "192.168.101.21", "10.17.255.230"]
[2026-07-21 11:04:00.532 +00:00] [INF] [10] Jellyfin.Networking.Manager.NetworkManager: Bind Addresses ["0.0.0.0"]
[2026-07-21 11:04:00.532 +00:00] [INF] [10] Jellyfin.Networking.Manager.NetworkManager: Remote IP filter is "Allowlist"
[2026-07-21 11:04:00.532 +00:00] [INF] [10] Jellyfin.Networking.Manager.NetworkManager: Filtered subnets: []
[2026-07-21 11:04:00.571 +00:00] [INF] [10] Jellyfin.Database.Providers.Sqlite.SqliteDatabaseProvider: SQLite connection string: "Data Source=/config/data/jellyfin.db;Cache=Default;Default Timeout=30;Pooling=True"
[2026-07-21 11:04:00.571 +00:00] [INF] [10] Jellyfin.Database.Providers.Sqlite.SqliteDatabaseProvider: SQLITE connection pragma command set to: 
"PRAGMA locking_mode=NORMAL;
PRAGMA journal_size_limit=134217728;
PRAGMA synchronous=1;
PRAGMA temp_store=2;
"
[2026-07-21 11:04:00.571 +00:00] [INF] [10] Jellyfin.Database.Implementations.Locking.NoLockBehavior: The database locking mode has been set to: NoLock.
[2026-07-21 11:04:00.574 +00:00] [INF] [10] Main: Prepare system for possible migrations
[2026-07-21 11:04:00.595 +00:00] [INF] [10] Main: A migration will attempt to modify the jellyfin.db, will attempt to backup the file now.
[2026-07-21 11:04:00.595 +00:00] [INF] [10] Main: Jellyfin database has been backed up as "20260721110400"
[2026-07-21 11:04:00.598 +00:00] [INF] [10] Jellyfin.Server.Migrations.JellyfinMigrationService: There are 0 migrations for stage CoreInitialisation.
[2026-07-21 11:04:00.599 +00:00] [INF] [10] InternalDatabaseMigration: Perform migration "20200514181226_AddActivityLog"
[2026-07-21 11:04:00.623 +00:00] [INF] [10] InternalDatabaseMigration: Migration "20200514181226_AddActivityLog" was successfully applied
[2026-07-21 11:04:00.623 +00:00] [INF] [10] InternalDatabaseMigration: Perform migration "20200613202153_AddUsers"
[2026-07-21 11:04:00.641 +00:00] [INF] [10] InternalDatabaseMigration: Migration "20200613202153_AddUsers" was successfully applied
[2026-07-21 11:04:00.641 +00:00] [INF] [10] InternalDatabaseMigration: Perform migration "20200728005145_AddDisplayPreferences"
[2026-07-21 11:04:00.654 +00:00] [INF] [10] InternalDatabaseMigration: Migration "20200728005145_AddDisplayPreferences" was successfully applied
[2026-07-21 11:04:00.654 +00:00] [INF] [10] InternalDatabaseMigration: Perform migration "20200905220533_FixDisplayPreferencesIndex"
[2026-07-21 11:04:00.660 +00:00] [INF] [10] InternalDatabaseMigration: Migration "20200905220533_FixDisplayPreferencesIndex" was successfully applied
[2026-07-21 11:04:00.660 +00:00] [INF] [10] InternalDatabaseMigration: Perform migration "20201004171403_AddMaxActiveSessions"
[2026-07-21 11:04:00.672 +00:00] [INF] [10] InternalDatabaseMigration: Migration "20201004171403_AddMaxActiveSessions" was successfully applied
[2026-07-21 11:04:00.672 +00:00] [INF] [10] InternalDatabaseMigration: Perform migration "20201204223655_AddCustomDisplayPreferences"
[2026-07-21 11:04:00.687 +00:00] [INF] [10] InternalDatabaseMigration: Migration "20201204223655_AddCustomDisplayPreferences" was successfully applied
[2026-07-21 11:04:00.687 +00:00] [INF] [10] InternalDatabaseMigration: Perform migration "20210320181425_AddIndexesAndCollations"
[2026-07-21 11:04:00.700 +00:00] [WRN] [10] Microsoft.EntityFrameworkCore.Migrations: An operation of type '"SqlOperation"' will be attempted while a rebuild of table '"ImageInfos"' is pending. The database may not be in an expected state. Review the SQL generated by this migration to help diagnose any failures. Consider moving these operations to a subsequent migration.
[2026-07-21 11:04:00.700 +00:00] [WRN] [10] Microsoft.EntityFrameworkCore.Migrations: An operation of type '"SqlOperation"' will be attempted while a rebuild of table '"ImageInfos"' is pending. The database may not be in an expected state. Review the SQL generated by this migration to help diagnose any failures. Consider moving these operations to a subsequent migration.
[2026-07-21 11:04:00.701 +00:00] [WRN] [10] Microsoft.EntityFrameworkCore.Migrations: An operation of type '"SqlOperation"' will be attempted while a rebuild of table '"Permissions"' is pending. The database may not be in an expected state. Review the SQL generated by this migration to help diagnose any failures. Consider moving these operations to a subsequent migration.
[2026-07-21 11:04:00.701 +00:00] [WRN] [10] Microsoft.EntityFrameworkCore.Migrations: An operation of type '"SqlOperation"' will be attempted while a rebuild of table '"Permissions"' is pending. The database may not be in an expected state. Review the SQL generated by this migration to help diagnose any failures. Consider moving these operations to a subsequent migration.
[2026-07-21 11:04:00.702 +00:00] [WRN] [10] Microsoft.EntityFrameworkCore.Migrations: An operation of type '"SqlOperation"' will be attempted while a rebuild of table '"Preferences"' is pending. The database may not be in an expected state. Review the SQL generated by this migration to help diagnose any failures. Consider moving these operations to a subsequent migration.
[2026-07-21 11:04:00.702 +00:00] [WRN] [10] Microsoft.EntityFrameworkCore.Migrations: An operation of type '"SqlOperation"' will be attempted while a rebuild of table '"Preferences"' is pending. The database may not be in an expected state. Review the SQL generated by this migration to help diagnose any failures. Consider moving these operations to a subsequent migration.
[2026-07-21 11:04:00.702 +00:00] [WRN] [10] Microsoft.EntityFrameworkCore.Migrations: An operation of type '"SqlOperation"' will be attempted while a rebuild of table '"Users"' is pending. The database may not be in an expected state. Review the SQL generated by this migration to help diagnose any failures. Consider moving these operations to a subsequent migration.
[2026-07-21 11:04:00.702 +00:00] [WRN] [10] Microsoft.EntityFrameworkCore.Migrations: An operation of type '"SqlOperation"' will be attempted while a rebuild of table '"Users"' is pending. The database may not be in an expected state. Review the SQL generated by this migration to help diagnose any failures. Consider moving these operations to a subsequent migration.
[2026-07-21 11:04:00.707 +00:00] [INF] [10] InternalDatabaseMigration: Migration "20210320181425_AddIndexesAndCollations" was successfully applied
[2026-07-21 11:04:00.707 +00:00] [INF] [10] InternalDatabaseMigration: Perform migration "20210407110544_NullableCustomPrefValue"
[2026-07-21 11:04:00.715 +00:00] [INF] [10] InternalDatabaseMigration: Migration "20210407110544_NullableCustomPrefValue" was successfully applied
[2026-07-21 11:04:00.715 +00:00] [INF] [10] InternalDatabaseMigration: Perform migration "20210814002109_AddDevices"
[2026-07-21 11:04:00.730 +00:00] [INF] [10] InternalDatabaseMigration: Migration "20210814002109_AddDevices" was successfully applied
[2026-07-21 11:04:00.731 +00:00] [INF] [10] InternalDatabaseMigration: Perform migration "20221022080052_AddIndexActivityLogsDateCreated"
[2026-07-21 11:04:00.737 +00:00] [INF] [10] InternalDatabaseMigration: Migration "20221022080052_AddIndexActivityLogsDateCreated" was successfully applied
[2026-07-21 11:04:00.737 +00:00] [INF] [10] InternalDatabaseMigration: Perform migration "20230526173516_RemoveEasyPassword"
[2026-07-21 11:04:00.758 +00:00] [INF] [10] InternalDatabaseMigration: Migration "20230526173516_RemoveEasyPassword" was successfully applied
[2026-07-21 11:04:00.758 +00:00] [INF] [10] InternalDatabaseMigration: Perform migration "20230626233818_AddTrickplayInfos"
[2026-07-21 11:04:00.766 +00:00] [INF] [10] InternalDatabaseMigration: Migration "20230626233818_AddTrickplayInfos" was successfully applied
[2026-07-21 11:04:00.766 +00:00] [INF] [10] InternalDatabaseMigration: Perform migration "20230923170422_UserCastReceiver"
[2026-07-21 11:04:00.777 +00:00] [INF] [10] InternalDatabaseMigration: Migration "20230923170422_UserCastReceiver" was successfully applied
[2026-07-21 11:04:00.777 +00:00] [INF] [10] InternalDatabaseMigration: Perform migration "20240729140605_AddMediaSegments"
[2026-07-21 11:04:00.788 +00:00] [INF] [10] InternalDatabaseMigration: Migration "20240729140605_AddMediaSegments" was successfully applied
[2026-07-21 11:04:00.788 +00:00] [INF] [10] InternalDatabaseMigration: Perform migration "20240928082930_MarkSegmentProviderIdNonNullable"
[2026-07-21 11:04:00.799 +00:00] [INF] [10] InternalDatabaseMigration: Migration "20240928082930_MarkSegmentProviderIdNonNullable" was successfully applied
[2026-07-21 11:04:00.799 +00:00] [INF] [10] InternalDatabaseMigration: Perform migration "20241020103111_LibraryDbMigration"
[2026-07-21 11:04:00.843 +00:00] [INF] [10] InternalDatabaseMigration: Migration "20241020103111_LibraryDbMigration" was successfully applied
[2026-07-21 11:04:00.843 +00:00] [INF] [10] InternalDatabaseMigration: Perform migration "20241111131257_AddedCustomDataKey"
[2026-07-21 11:04:00.856 +00:00] [INF] [10] InternalDatabaseMigration: Migration "20241111131257_AddedCustomDataKey" was successfully applied
[2026-07-21 11:04:00.856 +00:00] [INF] [10] InternalDatabaseMigration: Perform migration "20241111135439_AddedCustomDataKeyKey"
[2026-07-21 11:04:00.886 +00:00] [INF] [10] InternalDatabaseMigration: Migration "20241111135439_AddedCustomDataKeyKey" was successfully applied
[2026-07-21 11:04:00.886 +00:00] [INF] [10] InternalDatabaseMigration: Perform migration "20241112152323_FixAncestorIdConfig"
[2026-07-21 11:04:00.908 +00:00] [INF] [10] InternalDatabaseMigration: Migration "20241112152323_FixAncestorIdConfig" was successfully applied
[2026-07-21 11:04:00.909 +00:00] [INF] [10] InternalDatabaseMigration: Perform migration "20241112232041_FixMediaStreams"
[2026-07-21 11:04:00.938 +00:00] [INF] [10] InternalDatabaseMigration: Migration "20241112232041_FixMediaStreams" was successfully applied
[2026-07-21 11:04:00.938 +00:00] [INF] [10] InternalDatabaseMigration: Perform migration "20241112234144_FixMediaStreams2"
[2026-07-21 11:04:00.967 +00:00] [INF] [10] InternalDatabaseMigration: Migration "20241112234144_FixMediaStreams2" was successfully applied
[2026-07-21 11:04:00.967 +00:00] [INF] [10] InternalDatabaseMigration: Perform migration "20241113133548_EnforceUniqueItemValue"
[2026-07-21 11:04:00.981 +00:00] [INF] [10] InternalDatabaseMigration: Migration "20241113133548_EnforceUniqueItemValue" was successfully applied
[2026-07-21 11:04:00.981 +00:00] [INF] [10] InternalDatabaseMigration: Perform migration "20250202021306_FixedCollation"
[2026-07-21 11:04:01.005 +00:00] [INF] [10] InternalDatabaseMigration: Migration "20250202021306_FixedCollation" was successfully applied
[2026-07-21 11:04:01.006 +00:00] [INF] [10] InternalDatabaseMigration: Perform migration "20250204092455_MakeStartEndDateNullable"
[2026-07-21 11:04:01.033 +00:00] [INF] [10] InternalDatabaseMigration: Migration "20250204092455_MakeStartEndDateNullable" was successfully applied
[2026-07-21 11:04:01.033 +00:00] [INF] [10] InternalDatabaseMigration: Perform migration "20250214031148_ChannelIdGuid"
[2026-07-21 11:04:01.045 +00:00] [INF] [10] InternalDatabaseMigration: Migration "20250214031148_ChannelIdGuid" was successfully applied
[2026-07-21 11:04:01.045 +00:00] [INF] [10] InternalDatabaseMigration: Perform migration "20250326065026_AddInheritedParentalRatingSubValue"
[2026-07-21 11:04:01.062 +00:00] [INF] [10] InternalDatabaseMigration: Migration "20250326065026_AddInheritedParentalRatingSubValue" was successfully applied
[2026-07-21 11:04:01.062 +00:00] [INF] [10] InternalDatabaseMigration: Perform migration "20250327101120_AddKeyframeData"
[2026-07-21 11:04:01.078 +00:00] [INF] [10] InternalDatabaseMigration: Migration "20250327101120_AddKeyframeData" was successfully applied
[2026-07-21 11:04:01.078 +00:00] [INF] [10] InternalDatabaseMigration: Perform migration "20250327171413_AddHdr10PlusFlag"
[2026-07-21 11:04:01.091 +00:00] [INF] [10] InternalDatabaseMigration: Migration "20250327171413_AddHdr10PlusFlag" was successfully applied
[2026-07-21 11:04:01.091 +00:00] [INF] [10] InternalDatabaseMigration: Perform migration "20250331182844_FixAttachmentMigration"
[2026-07-21 11:04:01.112 +00:00] [INF] [10] InternalDatabaseMigration: Migration "20250331182844_FixAttachmentMigration" was successfully applied
[2026-07-21 11:04:01.112 +00:00] [INF] [10] InternalDatabaseMigration: Perform migration "20250401142247_FixAncestors"
[2026-07-21 11:04:01.127 +00:00] [INF] [10] InternalDatabaseMigration: Migration "20250401142247_FixAncestors" was successfully applied
[2026-07-21 11:04:01.127 +00:00] [INF] [10] InternalDatabaseMigration: Perform migration "20250405075612_FixItemValuesIndices"
[2026-07-21 11:04:01.141 +00:00] [INF] [10] InternalDatabaseMigration: Migration "20250405075612_FixItemValuesIndices" was successfully applied
[2026-07-21 11:04:01.141 +00:00] [INF] [10] InternalDatabaseMigration: Perform migration "20250609115616_DetachUserDataInsteadOfDelete"
[2026-07-21 11:04:01.171 +00:00] [INF] [10] InternalDatabaseMigration: Migration "20250609115616_DetachUserDataInsteadOfDelete" was successfully applied
[2026-07-21 11:04:01.171 +00:00] [INF] [10] InternalDatabaseMigration: Perform migration "20250622170802_BaseItemImageInfoDateModifiedNullable"
[2026-07-21 11:04:01.200 +00:00] [INF] [10] InternalDatabaseMigration: Migration "20250622170802_BaseItemImageInfoDateModifiedNullable" was successfully applied
[2026-07-21 11:04:01.200 +00:00] [INF] [10] InternalDatabaseMigration: Perform migration "20250714044826_ResetJournalMode"
[2026-07-21 11:04:01.214 +00:00] [INF] [10] InternalDatabaseMigration: Migration "20250714044826_ResetJournalMode" was successfully applied
[2026-07-21 11:04:01.214 +00:00] [INF] [10] InternalDatabaseMigration: Perform migration "20250913211637_AddProperParentChildRelationBaseItemWithCascade"
[2026-07-21 11:04:01.244 +00:00] [INF] [10] InternalDatabaseMigration: Migration "20250913211637_AddProperParentChildRelationBaseItemWithCascade" was successfully applied
[2026-07-21 11:04:01.245 +00:00] [INF] [10] InternalDatabaseMigration: Perform migration "20250925203415_ExtendPeopleMapKey"
[2026-07-21 11:04:01.272 +00:00] [INF] [10] InternalDatabaseMigration: Migration "20250925203415_ExtendPeopleMapKey" was successfully applied
[2026-07-21 11:04:01.272 +00:00] [INF] [10] InternalDatabaseMigration: Perform migration "20260522092303_AddNormalizedUsername"
[2026-07-21 11:04:01.288 +00:00] [INF] [10] InternalDatabaseMigration: Migration "20260522092303_AddNormalizedUsername" was successfully applied
[2026-07-21 11:04:01.288 +00:00] [INF] [10] InternalDatabaseMigration: Perform migration "20260524120336_AddUniqueNormalizedUsernameIndex"
[2026-07-21 11:04:01.301 +00:00] [INF] [10] InternalDatabaseMigration: Migration "20260524120336_AddUniqueNormalizedUsernameIndex" was successfully applied
[2026-07-21 11:04:01.387 +00:00] [INF] [10] Emby.Server.Implementations.AppBase.BaseConfigurationManager: Saving system configuration
[2026-07-21 11:04:01.387 +00:00] [INF] [10] Emby.Server.Implementations.AppBase.BaseConfigurationManager: Setting cache path: "/cache"
[2026-07-21 11:04:01.390 +00:00] [INF] [10] Emby.Server.Implementations.Plugins.PluginManager: Loaded plugin: "TMDb" "10.11.11.0"
[2026-07-21 11:04:01.391 +00:00] [INF] [10] Emby.Server.Implementations.Plugins.PluginManager: Loaded plugin: "Studio Images" "10.11.11.0"
[2026-07-21 11:04:01.391 +00:00] [INF] [10] Emby.Server.Implementations.Plugins.PluginManager: Loaded plugin: "OMDb" "10.11.11.0"
[2026-07-21 11:04:01.399 +00:00] [INF] [10] Emby.Server.Implementations.Plugins.PluginManager: Loaded plugin: "MusicBrainz" "10.11.11.0"
[2026-07-21 11:04:01.399 +00:00] [INF] [10] Emby.Server.Implementations.Plugins.PluginManager: Loaded plugin: "AudioDB" "10.11.11.0"
[2026-07-21 11:04:01.421 +00:00] [INF] [10] Jellyfin.Server.Migrations.JellyfinMigrationService: There are 5 migrations for stage AppInitialisation.
[2026-07-21 11:04:01.421 +00:00] [INF] [10] InternalCodeMigration: Perform migration "20250420090000_AddDefaultPluginRepository"
[2026-07-21 11:04:01.423 +00:00] [INF] [10] Emby.Server.Implementations.AppBase.BaseConfigurationManager: Saving system configuration
[2026-07-21 11:04:01.423 +00:00] [INF] [10] Emby.Server.Implementations.AppBase.BaseConfigurationManager: Setting cache path: "/cache"
[2026-07-21 11:04:01.424 +00:00] [INF] [10] InternalCodeMigration: Migration "20250420090000_AddDefaultPluginRepository" was successfully applied
[2026-07-21 11:04:01.424 +00:00] [INF] [10] InternalCodeMigration: Perform migration "20250420110000_ReaddDefaultPluginRepository"
[2026-07-21 11:04:01.427 +00:00] [INF] [10] InternalCodeMigration: Migration "20250420110000_ReaddDefaultPluginRepository" was successfully applied
[2026-07-21 11:04:01.427 +00:00] [INF] [10] InternalCodeMigration: Perform migration "20250420160000_AddDefaultCastReceivers"
[2026-07-21 11:04:01.428 +00:00] [INF] [10] Emby.Server.Implementations.AppBase.BaseConfigurationManager: Saving system configuration
[2026-07-21 11:04:01.429 +00:00] [INF] [10] Emby.Server.Implementations.AppBase.BaseConfigurationManager: Setting cache path: "/cache"
[2026-07-21 11:04:01.429 +00:00] [INF] [10] InternalCodeMigration: Migration "20250420160000_AddDefaultCastReceivers" was successfully applied
[2026-07-21 11:04:01.429 +00:00] [INF] [10] InternalCodeMigration: Perform migration "20250420170000_UpdateDefaultPluginRepository"
[2026-07-21 11:04:01.429 +00:00] [INF] [10] Emby.Server.Implementations.AppBase.BaseConfigurationManager: Saving system configuration
[2026-07-21 11:04:01.430 +00:00] [INF] [10] Emby.Server.Implementations.AppBase.BaseConfigurationManager: Setting cache path: "/cache"
[2026-07-21 11:04:01.430 +00:00] [INF] [10] InternalCodeMigration: Migration "20250420170000_UpdateDefaultPluginRepository" was successfully applied
[2026-07-21 11:04:01.430 +00:00] [INF] [10] InternalCodeMigration: Perform migration "20250420230000_MoveTrickplayFiles"
[2026-07-21 11:04:01.717 +00:00] [INF] [10] Jellyfin.Server.Migrations.Routines.MoveTrickplayFiles: Checked: 5000 - Moved: 0 - Time: 00:00:00.2858652
[2026-07-21 11:04:01.718 +00:00] [INF] [10] Jellyfin.Server.Migrations.Routines.MoveTrickplayFiles: Moved 0 items in 00:00:00.2868402
[2026-07-21 11:04:01.719 +00:00] [INF] [10] InternalCodeMigration: Migration "20250420230000_MoveTrickplayFiles" was successfully applied
[2026-07-21 11:04:01.719 +00:00] [INF] [10] Main: Attempt to cleanup JellyfinDb backup.
[2026-07-21 11:04:01.730 +00:00] [WRN] [16] Microsoft.AspNetCore.DataProtection.Repositories.EphemeralXmlRepository: Using an in-memory repository. Keys will not be persisted to storage.
[2026-07-21 11:04:01.730 +00:00] [WRN] [16] Microsoft.AspNetCore.DataProtection.KeyManagement.XmlKeyManager: Neither user profile nor HKLM registry available. Using an ephemeral key repository. Protected data will be unavailable when application exits.
[2026-07-21 11:04:01.741 +00:00] [INF] [16] Main: Kestrel is listening on "0.0.0.0"
[2026-07-21 11:04:01.751 +00:00] [WRN] [10] Microsoft.AspNetCore.DataProtection.KeyManagement.XmlKeyManager: No XML encryptor configured. Key {6d4e678e-2666-4178-90d7-b1c5a67881db} may be persisted to storage in unencrypted form.
[2026-07-21 11:04:02.023 +00:00] [WRN] [16] Microsoft.AspNetCore.StaticFiles.StaticFileMiddleware: The WebRootPath was not found: "/wwwroot". Static files may be unavailable.
[2026-07-21 11:04:02.312 +00:00] [INF] [16] Emby.Server.Implementations.ApplicationHost: Running startup tasks
[2026-07-21 11:04:02.319 +00:00] [INF] [16] Emby.Server.Implementations.ScheduledTasks.TaskManager: Daily trigger for "Generate Trickplay Images" set to fire at 2026-07-22 03:00:00.000 +00:00, which is 15:55:57.6803316 from now.
[2026-07-21 11:04:02.322 +00:00] [INF] [16] Emby.Server.Implementations.ScheduledTasks.TaskManager: Daily trigger for "Extract Chapter Images" set to fire at 2026-07-22 02:00:00.000 +00:00, which is 14:55:57.6774245 from now.
[2026-07-21 11:04:02.340 +00:00] [INF] [16] MediaBrowser.MediaEncoding.Encoder.MediaEncoder: Found ffmpeg version "7.1.4"
[2026-07-21 11:04:02.369 +00:00] [INF] [16] MediaBrowser.MediaEncoding.Encoder.MediaEncoder: Available "decoders": ["libdav1d", "av1", "av1_cuvid", "av1_qsv", "h264", "h264_qsv", "h264_cuvid", "hevc", "hevc_qsv", "hevc_cuvid", "mpeg2video", "mpeg2_qsv", "mpeg2_cuvid", "mpeg4", "mpeg4_cuvid", "msmpeg4", "vc1_qsv", "vc1_cuvid", "vp8", "libvpx", "vp8_cuvid", "vp8_qsv", "vp9", "libvpx-vp9", "vp9_cuvid", "vp9_qsv", "aac", "ac3", "ac4", "dca", "flac", "mp3", "truehd"]
[2026-07-21 11:04:02.383 +00:00] [INF] [16] MediaBrowser.MediaEncoding.Encoder.MediaEncoder: Available "encoders": ["libsvtav1", "av1_nvenc", "av1_qsv", "av1_amf", "av1_vaapi", "libx264", "h264_amf", "h264_nvenc", "h264_qsv", "h264_v4l2m2m", "h264_vaapi", "libx265", "hevc_amf", "hevc_nvenc", "hevc_qsv", "hevc_vaapi", "mjpeg_qsv", "mjpeg_vaapi", "aac", "libfdk_aac", "ac3", "alac", "dca", "flac", "libmp3lame", "libopus", "truehd", "libvorbis", "srt"]
[2026-07-21 11:04:02.396 +00:00] [INF] [16] MediaBrowser.MediaEncoding.Encoder.MediaEncoder: Available filters: ["bwdif_cuda", "bwdif_opencl", "deinterlace_qsv", "deinterlace_vaapi", "flip_vulkan", "hwupload_cuda", "hwupload_vaapi", "libplacebo", "overlay_opencl", "overlay_qsv", "overlay_vaapi", "overlay_vulkan", "overlay_cuda", "procamp_vaapi", "scale_cuda", "scale_opencl", "scale_qsv", "scale_vaapi", "scale_vulkan", "tonemapx", "tonemap_cuda", "tonemap_opencl", "tonemap_vaapi", "transpose_cuda", "transpose_opencl", "transpose_vaapi", "transpose_vulkan", "vpp_qsv", "yadif_cuda", "yadif_opencl", "zscale", "alphasrc"]
[2026-07-21 11:04:02.621 +00:00] [INF] [16] MediaBrowser.MediaEncoding.Encoder.MediaEncoder: Available hwaccel types: ["cuda", "vaapi", "qsv", "drm", "opencl", "vulkan"]
[2026-07-21 11:04:03.497 +00:00] [INF] [16] MediaBrowser.MediaEncoding.Encoder.MediaEncoder: FFmpeg: "/usr/lib/jellyfin-ffmpeg/ffmpeg"
[2026-07-21 11:04:03.498 +00:00] [INF] [16] Emby.Server.Implementations.ApplicationHost: ServerId: "215d1533f9fc4533b2b8d6f1486b74a6"
[2026-07-21 11:04:03.498 +00:00] [INF] [16] Emby.Server.Implementations.ApplicationHost: Core startup complete
[2026-07-21 11:04:03.499 +00:00] [INF] [16] Main: Startup complete 0:00:04.0616871
[2026-07-21 11:04:05.337 +00:00] [INF] [6] Emby.Server.Implementations.ScheduledTasks.TaskManager: "Clean Transcode Directory" Completed after 0 minute(s) and 0 seconds
[2026-07-21 11:04:05.342 +00:00] [INF] [10] Emby.Server.Implementations.ScheduledTasks.TaskManager: "Clean up collections and playlists" Completed after 0 minute(s) and 0 seconds
[2026-07-21 11:04:08.326 +00:00] [INF] [11] Emby.Server.Implementations.ScheduledTasks.TaskManager: "Update Plugins" Completed after 0 minute(s) and 2 seconds
[2026-07-21 11:04:12.016 +00:00] [INF] [6] Jellyfin.Api.Auth.CustomAuthenticationHandler: "CustomAuthentication" was not authenticated. Failure message: "Invalid token."
[2026-07-21 11:04:19.228 +00:00] [INF] [6] Jellyfin.Api.Auth.CustomAuthenticationHandler: "CustomAuthentication" was not authenticated. Failure message: "Invalid token."
[2026-07-21 11:04:53.527 +00:00] [INF] [10] Emby.Server.Implementations.AppBase.BaseConfigurationManager: Saving system configuration
[2026-07-21 11:04:53.528 +00:00] [INF] [10] Emby.Server.Implementations.AppBase.BaseConfigurationManager: Setting cache path: "/cache"
[2026-07-21 11:04:53.567 +00:00] [WRN] [6] Jellyfin.Server.Implementations.Users.UserManager: No users, creating one with username "MyJellyfinUser"
[2026-07-21 11:04:53.698 +00:00] [WRN] [6] Microsoft.EntityFrameworkCore.Query: The query uses the 'First'/'FirstOrDefault' operator without 'OrderBy' and filter operators. This may lead to unpredictable results.
[2026-07-21 11:05:09.196 +00:00] [INF] [17] Emby.Server.Implementations.AppBase.BaseConfigurationManager: Saving system configuration
[2026-07-21 11:05:09.197 +00:00] [INF] [17] Emby.Server.Implementations.AppBase.BaseConfigurationManager: Setting cache path: "/cache"
[2026-07-21 11:05:19.996 +00:00] [INF] [21] Emby.Server.Implementations.AppBase.BaseConfigurationManager: Saving system configuration
[2026-07-21 11:05:19.997 +00:00] [INF] [21] Emby.Server.Implementations.AppBase.BaseConfigurationManager: Setting cache path: "/cache"
[2026-07-21 11:05:23.002 +00:00] [INF] [21] Jellyfin.Networking.Manager.NetworkManager: Defined LAN subnets: ["127.0.0.1/8", "10.0.0.0/8", "172.16.0.0/12", "192.168.0.0/16"]
[2026-07-21 11:05:23.002 +00:00] [INF] [21] Jellyfin.Networking.Manager.NetworkManager: Defined LAN exclusions: []
[2026-07-21 11:05:23.002 +00:00] [INF] [21] Jellyfin.Networking.Manager.NetworkManager: Used LAN subnets: ["127.0.0.1/8", "10.0.0.0/8", "172.16.0.0/12", "192.168.0.0/16"]
[2026-07-21 11:05:23.002 +00:00] [INF] [21] Jellyfin.Networking.Manager.NetworkManager: Filtered interface addresses: ["127.0.0.1", "192.168.101.21", "10.17.255.230"]
[2026-07-21 11:05:23.002 +00:00] [INF] [21] Jellyfin.Networking.Manager.NetworkManager: Bind Addresses ["0.0.0.0"]
[2026-07-21 11:05:23.002 +00:00] [INF] [21] Jellyfin.Networking.Manager.NetworkManager: Remote IP filter is "Allowlist"
[2026-07-21 11:05:23.002 +00:00] [INF] [21] Jellyfin.Networking.Manager.NetworkManager: Filtered subnets: []
[2026-07-21 11:05:24.519 +00:00] [INF] [21] Emby.Server.Implementations.AppBase.BaseConfigurationManager: Saving system configuration
[2026-07-21 11:05:24.520 +00:00] [INF] [21] Emby.Server.Implementations.AppBase.BaseConfigurationManager: Setting cache path: "/cache"
[2026-07-21 11:05:24.526 +00:00] [INF] [17] Emby.Server.Implementations.Library.LibraryManager: Validating media library
[2026-07-21 11:05:24.678 +00:00] [WRN] [17] MediaBrowser.Controller.Entities.BaseItem: Library folder "/config/data/playlists" is inaccessible or empty, skipping
[2026-07-21 11:05:24.698 +00:00] [WRN] [17] MediaBrowser.Controller.Entities.BaseItem: Library folder "/config/data/playlists" is inaccessible or empty, skipping
[2026-07-21 11:05:24.866 +00:00] [INF] [17] Emby.Server.Implementations.ScheduledTasks.TaskManager: "Scan Media Library" Completed after 0 minute(s) and 0 seconds
[2026-07-21 11:05:28.172 +00:00] [INF] [17] Jellyfin.Server.Implementations.Users.UserManager: Authentication request for "root" has succeeded.
[2026-07-21 11:05:28.172 +00:00] [INF] [17] Emby.Server.Implementations.Session.SessionManager: Current/Max sessions for user "root": 0/0
[2026-07-21 11:05:28.173 +00:00] [INF] [17] Emby.Server.Implementations.Session.SessionManager: Creating new access token for user 2f5decdf-7174-457d-8e74-70a470899508
[2026-07-21 11:05:28.343 +00:00] [INF] [22] Emby.Server.Implementations.HttpServer.WebSocketManager: WS "127.0.0.1" request
[2026-07-21 11:12:50.318 +00:00] [INF] [27] Jellyfin.Server.Implementations.Users.UserManager: Authentication request for "ilkham" has succeeded.
[2026-07-21 11:12:50.318 +00:00] [INF] [27] Emby.Server.Implementations.Session.SessionManager: Current/Max sessions for user "ilkham": 0/0
[2026-07-21 11:12:50.318 +00:00] [INF] [27] Emby.Server.Implementations.Session.SessionManager: Creating new access token for user d199d160-0b31-4c9a-846f-e6f148de0758
[2026-07-21 11:12:50.371 +00:00] [INF] [35] Emby.Server.Implementations.HttpServer.WebSocketManager: WS "192.168.101.14" request
[2026-07-21 11:12:55.190 +00:00] [WRN] [3] Microsoft.EntityFrameworkCore.Query: The query uses a row limiting operator ('Skip'/'Take') without an 'OrderBy' operator. This may lead to unpredictable results. If the 'Distinct' operator is used after 'OrderBy', then make sure to use the 'OrderBy' operator after 'Distinct' as the ordering would otherwise get erased.
[2026-07-21 11:13:45.431 +00:00] [WRN] [30] MediaBrowser.Controller.Entities.BaseItem: Library folder "/config/data/playlists" is inaccessible or empty, skipping
[2026-07-21 11:13:45.497 +00:00] [INF] [31] Emby.Server.Implementations.Library.LibraryManager: Validating media library
[2026-07-21 11:13:45.504 +00:00] [WRN] [31] MediaBrowser.Controller.Entities.BaseItem: Library folder "/config/data/playlists" is inaccessible or empty, skipping
[2026-07-21 11:13:45.511 +00:00] [WRN] [32] MediaBrowser.Controller.Entities.BaseItem: Library folder "/config/data/playlists" is inaccessible or empty, skipping
[2026-07-21 11:14:06.675 +00:00] [WRN] [24] Microsoft.EntityFrameworkCore.Query: Compiling a query which loads related collections for more than one collection navigation, either via 'Include' or through projection, but no 'QuerySplittingBehavior' has been configured. By default, Entity Framework will use 'QuerySplittingBehavior.SingleQuery', which can potentially result in slow query performance. See https://go.microsoft.com/fwlink/?linkid=2134277 for more information. To identify the query that's triggering this warning call 'ConfigureWarnings(w => w.Throw(RelationalEventId.MultipleCollectionIncludeWarning))'.
[2026-07-21 11:14:07.910 +00:00] [INF] [32] Emby.Server.Implementations.ScheduledTasks.TaskManager: "Scan Media Library" Completed after 0 minute(s) and 22 seconds
[2026-07-21 11:14:07.939 +00:00] [INF] [47] Emby.Server.Implementations.IO.LibraryMonitor: Watching directory "/media/movies"
[2026-07-21 11:14:09.210 +00:00] [INF] [47] Emby.Server.Implementations.IO.LibraryMonitor: Stopping directory watching for path "/media/movies"
[2026-07-21 11:14:09.210 +00:00] [INF] [47] Emby.Server.Implementations.Library.LibraryManager: Validating media library
[2026-07-21 11:14:09.244 +00:00] [WRN] [24] MediaBrowser.Controller.Entities.BaseItem: Library folder "/config/data/playlists" is inaccessible or empty, skipping
[2026-07-21 11:14:09.463 +00:00] [WRN] [24] MediaBrowser.Controller.Entities.BaseItem: Library folder "/config/data/playlists" is inaccessible or empty, skipping
[2026-07-21 11:14:09.511 +00:00] [INF] [24] Emby.Server.Implementations.ScheduledTasks.TaskManager: "Scan Media Library" Completed after 0 minute(s) and 0 seconds
[2026-07-21 11:14:09.542 +00:00] [INF] [30] Emby.Server.Implementations.IO.LibraryMonitor: Watching directory "/media/movies"
[2026-07-21 11:14:38.726 +00:00] [INF] [47] Emby.Server.Implementations.HttpServer.WebSocketManager: WS "192.168.101.14" request
[2026-07-21 11:15:03.316 +00:00] [INF] [32] Emby.Server.Implementations.HttpServer.WebSocketManager: WS "192.168.101.14" closed
[2026-07-21 11:15:03.982 +00:00] [INF] [24] Emby.Server.Implementations.HttpServer.WebSocketManager: WS "192.168.101.14" request
[2026-07-21 11:15:09.656 +00:00] [INF] [32] Emby.Server.Implementations.HttpServer.WebSocketManager: WS "192.168.101.14" closed
[2026-07-21 11:15:10.084 +00:00] [INF] [32] Emby.Server.Implementations.HttpServer.WebSocketManager: WS "192.168.101.14" request
[2026-07-21 11:15:14.145 +00:00] [INF] [45] Emby.Server.Implementations.HttpServer.WebSocketManager: WS "192.168.101.14" closed
[2026-07-21 11:17:04.364 +00:00] [INF] [3] Emby.Server.Implementations.Session.SessionWebSocketListener: Sending ForceKeepAlive message to 1 inactive WebSockets.
[2026-07-21 11:17:16.364 +00:00] [INF] [11] Emby.Server.Implementations.Session.SessionWebSocketListener: Lost 1 WebSockets.
[2026-07-21 11:20:09.322 +00:00] [INF] [41] Emby.Server.Implementations.IO.LibraryMonitor: Stopping directory watching for path "/media/movies"
[2026-07-21 11:20:09.323 +00:00] [INF] [41] Emby.Server.Implementations.Library.LibraryManager: Validating media library
[2026-07-21 11:20:09.328 +00:00] [WRN] [41] MediaBrowser.Controller.Entities.BaseItem: Library folder "/config/data/playlists" is inaccessible or empty, skipping
[2026-07-21 11:20:09.401 +00:00] [WRN] [36] MediaBrowser.Controller.Entities.BaseItem: Library folder "/config/data/playlists" is inaccessible or empty, skipping
[2026-07-21 11:20:09.421 +00:00] [INF] [42] Emby.Server.Implementations.Library.LibraryManager: Removing item, Type: "Movie", Name: "Little Brother", Path: "/media/movies/brother.mp4", Id: 02e1f154-f3a7-099b-cb7c-a7dc7a026a5e
[2026-07-21 11:20:19.026 +00:00] [INF] [42] Emby.Server.Implementations.Library.Validators.GenresValidator: Deleting dead "Genre" "08d31605d366d63a7a924f944b4417f1" "Comedy"
[2026-07-21 11:20:19.026 +00:00] [INF] [42] Emby.Server.Implementations.Library.LibraryManager: Removing item, Type: "Genre", Name: "Comedy", Path: "/config/metadata/Genre/Comedy", Id: 08d31605-d366-d63a-7a92-4f944b4417f1
[2026-07-21 11:20:19.027 +00:00] [INF] [42] Emby.Server.Implementations.Library.LibraryManager: Deleting item path, Type: "Genre", Name: "Comedy", Path: "/config/metadata/Genre/Comedy", Id: 08d31605-d366-d63a-7a92-4f944b4417f1
[2026-07-21 11:20:20.523 +00:00] [INF] [36] Emby.Server.Implementations.Library.Validators.StudiosValidator: Deleting dead "Studio" "4eb67e13e45d5c9440ace1e0f862a9a6" "Middle Child Pictures"
[2026-07-21 11:20:20.523 +00:00] [INF] [36] Emby.Server.Implementations.Library.LibraryManager: Removing item, Type: "Studio", Name: "Middle Child Pictures", Path: "/config/metadata/Studio/Middle Child Pictures", Id: 4eb67e13-e45d-5c94-40ac-e1e0f862a9a6
[2026-07-21 11:20:20.523 +00:00] [INF] [36] Emby.Server.Implementations.Library.LibraryManager: Deleting item path, Type: "Studio", Name: "Middle Child Pictures", Path: "/config/metadata/Studio/Middle Child Pictures", Id: 4eb67e13-e45d-5c94-40ac-e1e0f862a9a6
[2026-07-21 11:20:20.550 +00:00] [INF] [36] Emby.Server.Implementations.ScheduledTasks.TaskManager: "Scan Media Library" Completed after 0 minute(s) and 11 seconds
[2026-07-21 11:20:20.578 +00:00] [INF] [35] Emby.Server.Implementations.IO.LibraryMonitor: Watching directory "/media/movies"
[2026-07-21 11:20:53.332 +00:00] [INF] [24] Emby.Server.Implementations.HttpServer.WebSocketManager: WS "192.168.101.19" request
[2026-07-21 11:21:58.566 +00:00] [INF] [24] Emby.Server.Implementations.HttpServer.WebSocketManager: WS "192.168.101.19" closed
[2026-07-21 11:21:59.883 +00:00] [INF] [32] Emby.Server.Implementations.HttpServer.WebSocketManager: WS "192.168.101.19" request
[2026-07-21 11:22:01.156 +00:00] [INF] [30] Emby.Server.Implementations.HttpServer.WebSocketManager: WS "192.168.101.19" closed
[2026-07-21 11:22:02.231 +00:00] [INF] [24] Emby.Server.Implementations.HttpServer.WebSocketManager: WS "192.168.101.19" request
[2026-07-21 11:22:50.968 +00:00] [INF] [32] Emby.Server.Implementations.HttpServer.WebSocketManager: WS "192.168.101.19" closed
[2026-07-21 11:22:51.700 +00:00] [INF] [32] Emby.Server.Implementations.HttpServer.WebSocketManager: WS "192.168.101.19" request
[2026-07-21 11:23:03.011 +00:00] [INF] [11] Jellyfin.Api.Helpers.MediaInfoHelper: User policy for "ilkham". EnablePlaybackRemuxing: True EnableVideoPlaybackTranscoding: True EnableAudioPlaybackTranscoding: True
[2026-07-21 11:23:06.257 +00:00] [INF] [32] Emby.Server.Implementations.Session.SessionManager: Playback stopped reported by app "Jellyfin Web" "10.11.11" playing "Brother". Stopped at "6278375" ms
[2026-07-21 11:23:08.187 +00:00] [INF] [30] Jellyfin.Api.Helpers.MediaInfoHelper: User policy for "ilkham". EnablePlaybackRemuxing: True EnableVideoPlaybackTranscoding: True EnableAudioPlaybackTranscoding: True
[2026-07-21 11:23:12.464 +00:00] [INF] [31] Emby.Server.Implementations.Session.SessionManager: Playback stopped reported by app "Jellyfin Web" "10.11.11" playing "Brother". Stopped at "6278375" ms
[2026-07-21 11:23:50.816 +00:00] [INF] [38] Emby.Server.Implementations.IO.LibraryMonitor: Stopping directory watching for path "/media/movies"
[2026-07-21 11:23:50.816 +00:00] [INF] [38] Emby.Server.Implementations.Library.LibraryManager: Validating media library
[2026-07-21 11:23:50.819 +00:00] [WRN] [38] MediaBrowser.Controller.Entities.BaseItem: Library folder "/config/data/playlists" is inaccessible or empty, skipping
[2026-07-21 11:23:50.826 +00:00] [WRN] [31] MediaBrowser.Controller.Entities.BaseItem: Library folder "/config/data/playlists" is inaccessible or empty, skipping
[2026-07-21 11:23:52.570 +00:00] [INF] [38] Emby.Server.Implementations.ScheduledTasks.TaskManager: "Scan Media Library" Completed after 0 minute(s) and 1 seconds
[2026-07-21 11:23:52.602 +00:00] [INF] [3] Emby.Server.Implementations.IO.LibraryMonitor: Watching directory "/media/movies"
[2026-07-21 11:23:59.478 +00:00] [WRN] [3] Microsoft.EntityFrameworkCore.Query: Compiling a query which loads related collections for more than one collection navigation, either via 'Include' or through projection, but no 'QuerySplittingBehavior' has been configured. By default, Entity Framework will use 'QuerySplittingBehavior.SingleQuery', which can potentially result in slow query performance. See https://go.microsoft.com/fwlink/?linkid=2134277 for more information. To identify the query that's triggering this warning call 'ConfigureWarnings(w => w.Throw(RelationalEventId.MultipleCollectionIncludeWarning))'.
[2026-07-21 11:24:02.236 +00:00] [INF] [28] Jellyfin.Api.Helpers.MediaInfoHelper: User policy for "ilkham". EnablePlaybackRemuxing: True EnableVideoPlaybackTranscoding: True EnableAudioPlaybackTranscoding: True
[2026-07-21 11:24:21.569 +00:00] [INF] [4] Emby.Server.Implementations.Session.SessionManager: Playback stopped reported by app "Jellyfin Web" "10.11.11" playing "cabjcac". Stopped at "17911" ms
[2026-07-21 11:24:25.706 +00:00] [INF] [24] Jellyfin.Api.Helpers.MediaInfoHelper: User policy for "ilkham". EnablePlaybackRemuxing: True EnableVideoPlaybackTranscoding: True EnableAudioPlaybackTranscoding: True
[2026-07-21 11:26:16.363 +00:00] [INF] [39] Emby.Server.Implementations.Session.SessionWebSocketListener: Sending ForceKeepAlive message to 1 inactive WebSockets.
[2026-07-21 11:27:04.364 +00:00] [INF] [36] Emby.Server.Implementations.Session.SessionWebSocketListener: Sending ForceKeepAlive message to 1 inactive WebSockets.
[2026-07-21 11:27:52.363 +00:00] [INF] [26] Emby.Server.Implementations.Session.SessionWebSocketListener: Sending ForceKeepAlive message to 1 inactive WebSockets.
[2026-07-21 11:28:40.363 +00:00] [INF] [40] Emby.Server.Implementations.Session.SessionWebSocketListener: Sending ForceKeepAlive message to 1 inactive WebSockets.
[2026-07-21 11:29:07.875 +00:00] [INF] [34] Emby.Server.Implementations.Session.SessionManager: Playback stopped reported by app "Jellyfin Web" "10.11.11" playing "cabjcac". Stopped at "14474" ms
[2026-07-21 11:29:28.363 +00:00] [INF] [21] Emby.Server.Implementations.Session.SessionWebSocketListener: Sending ForceKeepAlive message to 1 inactive WebSockets.
[2026-07-21 11:30:16.364 +00:00] [INF] [34] Emby.Server.Implementations.Session.SessionWebSocketListener: Sending ForceKeepAlive message to 1 inactive WebSockets.
[2026-07-21 11:30:28.363 +00:00] [INF] [34] Emby.Server.Implementations.Session.SessionWebSocketListener: Sending ForceKeepAlive message to 1 inactive WebSockets.
[2026-07-21 11:31:16.364 +00:00] [INF] [45] Emby.Server.Implementations.Session.SessionWebSocketListener: Sending ForceKeepAlive message to 1 inactive WebSockets.
[2026-07-21 11:32:04.363 +00:00] [INF] [45] Emby.Server.Implementations.Session.SessionWebSocketListener: Sending ForceKeepAlive message to 1 inactive WebSockets.
[2026-07-21 11:32:31.800 +00:00] [INF] [45] Jellyfin.Server.Implementations.Users.UserManager: Authentication request for "Ibragim " has been denied (IP: "192.168.101.12").
[2026-07-21 11:32:31.801 +00:00] [ERR] [45] Jellyfin.Api.Middleware.ExceptionMiddleware: Error processing request: "Invalid username or password entered". URL "POST" "/Users/authenticatebyname".
[2026-07-21 11:32:34.186 +00:00] [INF] [50] Jellyfin.Server.Implementations.Users.UserManager: Authentication request for "Ibragim " has been denied (IP: "192.168.101.12").
[2026-07-21 11:32:34.191 +00:00] [ERR] [50] Jellyfin.Api.Middleware.ExceptionMiddleware: Error processing request: "Invalid username or password entered". URL "POST" "/Users/authenticatebyname".
[2026-07-21 11:32:34.564 +00:00] [INF] [52] Jellyfin.Server.Implementations.Users.UserManager: Authentication request for "Ibragim " has been denied (IP: "192.168.101.12").
[2026-07-21 11:32:34.564 +00:00] [ERR] [52] Jellyfin.Api.Middleware.ExceptionMiddleware: Error processing request: "Invalid username or password entered". URL "POST" "/Users/authenticatebyname".
[2026-07-21 11:32:34.564 +00:00] [INF] [50] Jellyfin.Server.Implementations.Users.UserManager: Authentication request for "Ibragim " has been denied (IP: "192.168.101.12").
[2026-07-21 11:32:34.565 +00:00] [ERR] [50] Jellyfin.Api.Middleware.ExceptionMiddleware: Error processing request: "Invalid username or password entered". URL "POST" "/Users/authenticatebyname".
[2026-07-21 11:32:39.277 +00:00] [INF] [55] Jellyfin.Server.Implementations.Users.UserManager: Authentication request for "Ibragim " has been denied (IP: "192.168.101.12").
[2026-07-21 11:32:39.278 +00:00] [ERR] [55] Jellyfin.Api.Middleware.ExceptionMiddleware: Error processing request: "Invalid username or password entered". URL "POST" "/Users/authenticatebyname".
[2026-07-21 11:32:52.363 +00:00] [INF] [50] Emby.Server.Implementations.Session.SessionWebSocketListener: Sending ForceKeepAlive message to 1 inactive WebSockets.
[2026-07-21 11:33:40.363 +00:00] [INF] [47] Emby.Server.Implementations.Session.SessionWebSocketListener: Sending ForceKeepAlive message to 1 inactive WebSockets.
[2026-07-21 11:33:52.363 +00:00] [INF] [55] Emby.Server.Implementations.Session.SessionWebSocketListener: Sending ForceKeepAlive message to 1 inactive WebSockets.
[2026-07-21 11:34:36.321 +00:00] [INF] [54] Jellyfin.Server.Implementations.Users.UserManager: Authentication request for "Ibragim " has been denied (IP: "192.168.101.12").
[2026-07-21 11:34:36.321 +00:00] [ERR] [54] Jellyfin.Api.Middleware.ExceptionMiddleware: Error processing request: "Invalid username or password entered". URL "POST" "/Users/authenticatebyname".
[2026-07-21 11:34:39.790 +00:00] [WRN] [47] Emby.Server.Implementations.HttpServer.WebSocketConnection: WS "192.168.101.14" error receiving data: "The remote party closed the WebSocket connection without completing the close handshake."
[2026-07-21 11:34:39.790 +00:00] [INF] [47] Emby.Server.Implementations.HttpServer.WebSocketManager: WS "192.168.101.14" closed
[2026-07-21 11:34:40.363 +00:00] [INF] [47] Emby.Server.Implementations.Session.SessionWebSocketListener: Sending ForceKeepAlive message to 1 inactive WebSockets.
[2026-07-21 11:34:47.790 +00:00] [INF] [47] Jellyfin.Server.Implementations.Users.UserManager: Authentication request for "ibragim " has been denied (IP: "192.168.101.12").
[2026-07-21 11:34:47.791 +00:00] [ERR] [47] Jellyfin.Api.Middleware.ExceptionMiddleware: Error processing request: "Invalid username or password entered". URL "POST" "/Users/authenticatebyname".
[2026-07-21 11:35:28.364 +00:00] [INF] [54] Emby.Server.Implementations.Session.SessionWebSocketListener: Sending ForceKeepAlive message to 1 inactive WebSockets.
[2026-07-21 11:36:11.756 +00:00] [WRN] [47] Emby.Server.Implementations.HttpServer.WebSocketConnection: WS "192.168.101.19" error receiving data: "The remote party closed the WebSocket connection without completing the close handshake."
[2026-07-21 11:36:11.764 +00:00] [INF] [47] Emby.Server.Implementations.HttpServer.WebSocketManager: WS "192.168.101.19" closed
[2026-07-21 11:36:42.375 +00:00] [INF] [53] Jellyfin.Server.Implementations.Users.UserManager: Authentication request for "IBILNARUSA" has succeeded.
[2026-07-21 11:36:42.375 +00:00] [INF] [53] Emby.Server.Implementations.Session.SessionManager: Current/Max sessions for user "IBILNARUSA": 0/0
[2026-07-21 11:36:42.375 +00:00] [INF] [53] Emby.Server.Implementations.Session.SessionManager: Creating new access token for user 98f6b7ed-71f4-4e45-8e57-485ccc78b56d
[2026-07-21 11:36:42.397 +00:00] [INF] [45] Emby.Server.Implementations.HttpServer.WebSocketManager: WS "192.168.101.21" request
[2026-07-21 11:36:45.530 +00:00] [INF] [47] Emby.Server.Implementations.HttpServer.WebSocketManager: WS "192.168.101.21" closed
[2026-07-21 11:37:41.821 +00:00] [INF] [47] Jellyfin.Server.Implementations.Users.UserManager: Authentication request for "IBILNARUSA" has succeeded.
[2026-07-21 11:37:41.821 +00:00] [INF] [47] Emby.Server.Implementations.Session.SessionManager: Current/Max sessions for user "IBILNARUSA": 0/0
[2026-07-21 11:37:41.821 +00:00] [INF] [47] Emby.Server.Implementations.Session.SessionManager: Creating new access token for user 98f6b7ed-71f4-4e45-8e57-485ccc78b56d
[2026-07-21 11:37:41.867 +00:00] [INF] [47] Emby.Server.Implementations.HttpServer.WebSocketManager: WS "192.168.101.12" request
[2026-07-21 11:37:51.268 +00:00] [INF] [42] Jellyfin.Api.Helpers.MediaInfoHelper: User policy for "IBILNARUSA". EnablePlaybackRemuxing: True EnableVideoPlaybackTranscoding: True EnableAudioPlaybackTranscoding: True
[2026-07-21 11:38:04.263 +00:00] [WRN] [58] Emby.Server.Implementations.HttpServer.WebSocketConnection: WS "192.168.101.12" error receiving data: "The remote party closed the WebSocket connection without completing the close handshake."
[2026-07-21 11:38:04.267 +00:00] [INF] [58] Emby.Server.Implementations.HttpServer.WebSocketManager: WS "192.168.101.12" closed
[2026-07-21 11:38:52.794 +00:00] [INF] [56] Emby.Server.Implementations.HttpServer.WebSocketManager: WS "127.0.0.1" closed
[2026-07-21 11:38:53.194 +00:00] [INF] [58] Emby.Server.Implementations.HttpServer.WebSocketManager: WS "127.0.0.1" request
[2026-07-21 11:39:08.850 +00:00] [INF] [62] Emby.Server.Implementations.Session.SessionManager: Sending shutdown notifications
[2026-07-21 11:39:08.854 +00:00] [INF] [61] Emby.Server.Implementations.HttpServer.WebSocketManager: WS "127.0.0.1" closed
[2026-07-21 11:39:08.861 +00:00] [INF] [59] Main: Running query planner optimizations in the database... This might take a while
[2026-07-21 11:39:08.881 +00:00] [INF] [56] Emby.Server.Implementations.IO.LibraryMonitor: Stopping directory watching for path "/media/movies"
[2026-07-21 11:39:08.884 +00:00] [INF] [59] Emby.Server.Implementations.ApplicationHost: Disposing "CoreAppHost"
[2026-07-21 11:39:08.884 +00:00] [INF] [59] Emby.Server.Implementations.ApplicationHost: Disposing "MusicBrainzArtistProvider"
[2026-07-21 11:39:08.884 +00:00] [INF] [59] Emby.Server.Implementations.ApplicationHost: Disposing "MusicBrainzAlbumProvider"
[2026-07-21 11:39:08.884 +00:00] [INF] [59] Emby.Server.Implementations.ApplicationHost: Disposing "PluginManager"
